../Src/main.c:64:5:main	8	static
../Src/main.c:109:6:USART1_Init	40	static
../Src/main.c:144:6:USART1_IRQHandler	16	static
../Src/main.c:176:6:getParameter	24	static
../Src/main.c:217:6:sendData	32	static
../Src/main.c:242:6:delay_ms	24	static
../Src/main.c:251:6:TIM1_TimeBaseInit	24	static
../Src/main.c:273:6:TIM1_UP_TIM10_IRQHandler	8	static
../Src/main.c:281:6:TIM2_IC_Init	48	static
../Src/main.c:321:6:TIM2_IRQHandler	8	static
../Src/main.c:332:6:TIM3_OC_Init	48	static
../Src/main.c:364:6:L298_Init	16	static
../Src/main.c:379:6:setTunings	40	static
../Src/main.c:387:6:setSampleTime	24	static
../Src/main.c:398:6:setOutputLimits	24	static
../Src/main.c:423:6:setMode	24	static
../Src/main.c:440:6:initialize	8	static
../Src/main.c:455:6:Compute	32	static
