23:23:13 **** Clean-only build of configuration Debug for project SPEED_CONTROL_DC_MOTOR ****
make -j4 clean 
rm -rf ./Startup/startup_stm32f401retx.d ./Startup/startup_stm32f401retx.o
rm -rf ./Src/main.d ./Src/main.o ./Src/main.su ./Src/syscalls.d ./Src/syscalls.o ./Src/syscalls.su ./Src/sysmem.d ./Src/sysmem.o ./Src/sysmem.su
rm -rf SPEED_CONTROL_DC_MOTOR.elf SPEED_CONTROL_DC_MOTOR.list SPEED_CONTROL_DC_MOTOR.map default.size.stdout
 
23:23:14 **** Incremental Build of configuration Debug for project SPEED_CONTROL_DC_MOTOR ****
make -j4 all 
arm-none-eabi-gcc -mcpu=cortex-m4 -g3 -DDEBUG -c -x assembler-with-cpp -MMD -MP -MF"Startup/startup_stm32f401retx.d" -MT"Startup/startup_stm32f401retx.o" --specs=nano.specs -mfpu=fpv4-sp-d16 -mfloat-abi=hard -mthumb -o "Startup/startup_stm32f401retx.o" "../Startup/startup_stm32f401retx.s"
arm-none-eabi-gcc "../Src/main.c" -mcpu=cortex-m4 -std=gnu11 -g3 -DDEBUG -DNUCLEO_F401RE -DSTM32 -DSTM32F401RETx -DSTM32F4 -c -I../Inc -I"D:/STM32/STM32_CMCIS/shared/Drivers/CMSIS/Include" -I"D:/STM32/STM32_CMCIS/shared/Drivers/STM32F401RE_StdPeriph_Driver/inc" -O0 -ffunction-sections -fdata-sections -Wall -fstack-usage -MMD -MP -MF"Src/main.d" -MT"Src/main.o" --specs=nano.specs -mfpu=fpv4-sp-d16 -mfloat-abi=hard -mthumb -o "Src/main.o"
arm-none-eabi-gcc "../Src/syscalls.c" -mcpu=cortex-m4 -std=gnu11 -g3 -DDEBUG -DNUCLEO_F401RE -DSTM32 -DSTM32F401RETx -DSTM32F4 -c -I../Inc -I"D:/STM32/STM32_CMCIS/shared/Drivers/CMSIS/Include" -I"D:/STM32/STM32_CMCIS/shared/Drivers/STM32F401RE_StdPeriph_Driver/inc" -O0 -ffunction-sections -fdata-sections -Wall -fstack-usage -MMD -MP -MF"Src/syscalls.d" -MT"Src/syscalls.o" --specs=nano.specs -mfpu=fpv4-sp-d16 -mfloat-abi=hard -mthumb -o "Src/syscalls.o"
arm-none-eabi-gcc "../Src/sysmem.c" -mcpu=cortex-m4 -std=gnu11 -g3 -DDEBUG -DNUCLEO_F401RE -DSTM32 -DSTM32F401RETx -DSTM32F4 -c -I../Inc -I"D:/STM32/STM32_CMCIS/shared/Drivers/CMSIS/Include" -I"D:/STM32/STM32_CMCIS/shared/Drivers/STM32F401RE_StdPeriph_Driver/inc" -O0 -ffunction-sections -fdata-sections -Wall -fstack-usage -MMD -MP -MF"Src/sysmem.d" -MT"Src/sysmem.o" --specs=nano.specs -mfpu=fpv4-sp-d16 -mfloat-abi=hard -mthumb -o "Src/sysmem.o"
arm-none-eabi-gcc -o "SPEED_CONTROL_DC_MOTOR.elf" @"objects.list"  -lLibraries -mcpu=cortex-m4 -T"D:\Project\SPEED_CONTROL_DC_MOTOR\SPEED_CONTROL_DC_MOTOR\STM32F401RETX_FLASH.ld" --specs=nosys.specs -Wl,-Map="SPEED_CONTROL_DC_MOTOR.map" -Wl,--gc-sections -static -L"D:\STM32\STM32_CMCIS\lib_stm" --specs=nano.specs -mfpu=fpv4-sp-d16 -mfloat-abi=hard -mthumb -Wl,--start-group -lc -lm -Wl,--end-group
Finished building target: SPEED_CONTROL_DC_MOTOR.elf
 
arm-none-eabi-size   SPEED_CONTROL_DC_MOTOR.elf 
arm-none-eabi-objdump -h -S  SPEED_CONTROL_DC_MOTOR.elf  > "SPEED_CONTROL_DC_MOTOR.list"
   text	   data	    bss	    dec	    hex	filename
  24972	    520	   1736	  27228	   6a5c	SPEED_CONTROL_DC_MOTOR.elf
Finished building: default.size.stdout
 
Finished building: SPEED_CONTROL_DC_MOTOR.list
 
